../Core/Src/main.c:100:1:__io_putchar	16	static
../Core/Src/main.c:105:1:__io_getchar	16	static
../Core/Src/main.c:116:5:main	40	static
../Core/Src/main.c:217:6:SystemClock_Config	88	static
../Core/Src/main.c:263:13:MX_CRC_Init	8	static
../Core/Src/main.c:289:13:MX_DMA2D_Init	8	static
../Core/Src/main.c:326:13:MX_I2C3_Init	8	static
../Core/Src/main.c:374:13:MX_LTDC_Init	64	static
../Core/Src/main.c:436:13:MX_SPI5_Init	8	static
../Core/Src/main.c:474:13:MX_TIM1_Init	32	static
../Core/Src/main.c:520:13:MX_USART1_UART_Init	8	static
../Core/Src/main.c:549:13:MX_FMC_Init	40	static
../Core/Src/main.c:600:13:MX_GPIO_Init	64	static
../Core/Src/main.c:691:6:StartDefaultTask	16	static
../Core/Src/main.c:712:6:HAL_TIM_PeriodElapsedCallback	16	static
../Core/Src/main.c:729:6:Error_Handler	4	static,ignoring_inline_asm
